// Jest Snapshot v1, https://goo.gl/fbAQLP

exports[`ProductCard snapshot renders product detail 1`] = `
<div>
  <div
    class="css-10s52hl"
    data-testid="product-card"
    tabindex="0"
  >
    <div
      class="css-1jqp1sw"
    >
      <span
        style="box-sizing: border-box; display: block; overflow: hidden; background: none; opacity: 1; border: 0px; margin: 0px; padding: 0px; position: absolute; top: 0px; left: 0px; bottom: 0px; right: 0px;"
      >
        <img
          alt="Laptop"
          data-nimg="fill"
          decoding="async"
          sizes="100vw"
          src="/_next/image?url=https%3A%2F%2Fdemo.vendure.io%2Fassets%2Fsource%2Fb6%2Fderick-david-409858-unsplash.jpg&w=3840&q=75"
          srcset="/_next/image?url=https%3A%2F%2Fdemo.vendure.io%2Fassets%2Fsource%2Fb6%2Fderick-david-409858-unsplash.jpg&w=640&q=75 640w, /_next/image?url=https%3A%2F%2Fdemo.vendure.io%2Fassets%2Fsource%2Fb6%2Fderick-david-409858-unsplash.jpg&w=750&q=75 750w, /_next/image?url=https%3A%2F%2Fdemo.vendure.io%2Fassets%2Fsource%2Fb6%2Fderick-david-409858-unsplash.jpg&w=828&q=75 828w, /_next/image?url=https%3A%2F%2Fdemo.vendure.io%2Fassets%2Fsource%2Fb6%2Fderick-david-409858-unsplash.jpg&w=1080&q=75 1080w, /_next/image?url=https%3A%2F%2Fdemo.vendure.io%2Fassets%2Fsource%2Fb6%2Fderick-david-409858-unsplash.jpg&w=1200&q=75 1200w, /_next/image?url=https%3A%2F%2Fdemo.vendure.io%2Fassets%2Fsource%2Fb6%2Fderick-david-409858-unsplash.jpg&w=1920&q=75 1920w, /_next/image?url=https%3A%2F%2Fdemo.vendure.io%2Fassets%2Fsource%2Fb6%2Fderick-david-409858-unsplash.jpg&w=2048&q=75 2048w, /_next/image?url=https%3A%2F%2Fdemo.vendure.io%2Fassets%2Fsource%2Fb6%2Fderick-david-409858-unsplash.jpg&w=3840&q=75 3840w"
          style="position: absolute; top: 0px; left: 0px; bottom: 0px; right: 0px; box-sizing: border-box; padding: 0px; margin: auto; display: block; width: 0px; height: 0px; min-width: 100%; max-width: 100%; min-height: 100%; max-height: 100%; object-fit: contain;"
        />
      </span>
    </div>
    <span
      class="css-1o0g9xy"
    >
      Laptop
    </span>
    <span
      class="css-1v50op4"
    >
      $
      1299.00
    </span>
  </div>
</div>
`;
