// Jest Snapshot v1, https://goo.gl/fbAQLP

exports[`CheckoutDetail snapshot renders the cartpopup with products 1`] = `
<div>
  <div
    class="css-1l2tmoc"
  >
    <div
      class="css-wbbjgv"
    >
      <h3
        class="css-1v2zqs"
      >
        Products
      </h3>
      <div
        class="css-13y32wl"
      >
        <div
          class="css-17ievcd"
        >
          <span
            style="box-sizing: border-box; display: block; overflow: hidden; background: none; opacity: 1; border: 0px; margin: 0px; padding: 0px; position: absolute; top: 0px; left: 0px; bottom: 0px; right: 0px;"
          >
            <img
              alt="Laptop"
              class="css-4z07o0"
              data-nimg="fill"
              decoding="async"
              sizes="100vw"
              src="/_next/image?url=https%3A%2F%2Fdemo.vendure.io%2Fassets%2Fsource%2Fb6%2Fderick-david-409858-unsplash.jpg&w=3840&q=75"
              srcset="/_next/image?url=https%3A%2F%2Fdemo.vendure.io%2Fassets%2Fsource%2Fb6%2Fderick-david-409858-unsplash.jpg&w=640&q=75 640w, /_next/image?url=https%3A%2F%2Fdemo.vendure.io%2Fassets%2Fsource%2Fb6%2Fderick-david-409858-unsplash.jpg&w=750&q=75 750w, /_next/image?url=https%3A%2F%2Fdemo.vendure.io%2Fassets%2Fsource%2Fb6%2Fderick-david-409858-unsplash.jpg&w=828&q=75 828w, /_next/image?url=https%3A%2F%2Fdemo.vendure.io%2Fassets%2Fsource%2Fb6%2Fderick-david-409858-unsplash.jpg&w=1080&q=75 1080w, /_next/image?url=https%3A%2F%2Fdemo.vendure.io%2Fassets%2Fsource%2Fb6%2Fderick-david-409858-unsplash.jpg&w=1200&q=75 1200w, /_next/image?url=https%3A%2F%2Fdemo.vendure.io%2Fassets%2Fsource%2Fb6%2Fderick-david-409858-unsplash.jpg&w=1920&q=75 1920w, /_next/image?url=https%3A%2F%2Fdemo.vendure.io%2Fassets%2Fsource%2Fb6%2Fderick-david-409858-unsplash.jpg&w=2048&q=75 2048w, /_next/image?url=https%3A%2F%2Fdemo.vendure.io%2Fassets%2Fsource%2Fb6%2Fderick-david-409858-unsplash.jpg&w=3840&q=75 3840w"
              style="position: absolute; top: 0px; left: 0px; bottom: 0px; right: 0px; box-sizing: border-box; padding: 0px; margin: auto; display: block; width: 0px; height: 0px; min-width: 100%; max-width: 100%; min-height: 100%; max-height: 100%;"
            />
          </span>
        </div>
        <div
          class="css-rq35md"
        >
          <div
            class="css-e165ny"
          >
            3x 
            Laptop
             [$1299.00]
          </div>
          <div
            class="css-1ym2u4i"
          >
            $ 
            3897.00
          </div>
        </div>
      </div>
    </div>
    <div
      class="css-ckvj9p"
    >
      <h3
        class="css-1v2zqs"
      >
        Total $ 
        3897.00
      </h3>
      <button
        class="css-z339wo"
      >
        Pay
      </button>
    </div>
  </div>
</div>
`;

exports[`CheckoutDetail snapshot renders the cartpopup without products 1`] = `
<div>
  <div
    class="css-1l2tmoc"
  >
    <div
      class="css-wbbjgv"
    >
      <h3
        class="css-1v2zqs"
      >
        Products
      </h3>
    </div>
    <div
      class="css-ckvj9p"
    >
      <h3
        class="css-1v2zqs"
      >
        Total $ 
        0.00
      </h3>
      <button
        class="css-z339wo"
      >
        Pay
      </button>
    </div>
  </div>
</div>
`;
